// Jest Snapshot v1, https://goo.gl/fbAQLP

exports[`to target the value 1`] = `ShallowWrapper {}`;
